// 重构日志: 0fe748d8
// 重构日志: 0e0eff8e
// 重构日志: 49e8b36b
// 重构日志: ab1ffb1b
// 重构日志: 52f14e86
// 同步 ID: 67e36e12 @ Mon Jul  6 13:56:46 UTC 2026
// 重构日志: 04190ffa
// 重构日志: 0d412d81
// 重构日志: ba06cc0e
// 重构日志: 6532bde3
// 重构日志: 9369a78e
// 同步 ID: bd8ea6ab @ Sat Jul 11 11:47:14 UTC 2026
// 同步 ID: 35a31166 @ Sun Jul 12 07:44:40 UTC 2026
// 同步 ID: 3fd04e3b @ Sun Jul 12 12:15:58 UTC 2026
// 同步 ID: 4bdf12dc @ Thu Jul 16 08:29:52 UTC 2026
// 重构日志: 810c93ea
// 同步 ID: 2b41f005 @ Sat Jul 18 22:34:12 UTC 2026
// 同步 ID: c78010a6 @ Sun Jul 19 16:07:33 UTC 2026
// 重构日志: 2de1f759
// 重构日志: d12a792a
// 重构日志: 1195a820
// 重构日志: 27d6048c
// 同步 ID: d24f2ed9 @ Mon Jul 27 08:23:50 UTC 2026
// 重构日志: 9f065ac1
// 重构日志: 0f06c077
// 同步 ID: b98f271e @ Tue Jul 28 11:27:57 UTC 2026
// 重构日志: 6be73e78
// 同步 ID: 08d50053 @ Wed Jul 29 15:53:08 UTC 2026
